app rust rep 1
db dir: /var/lib/campfire-bench/rust-1-79876/db
db fs: ext2/ext3
app: Cpus_allowed_list:	0-3
app cpp rep 1
db dir: /var/lib/campfire-bench/cpp-1-79876/db
db fs: ext2/ext3
app: Cpus_allowed_list:	0-3
app cpp rep 2
db dir: /var/lib/campfire-bench/cpp-2-79876/db
db fs: ext2/ext3
app: Cpus_allowed_list:	0-3
app rust rep 2
db dir: /var/lib/campfire-bench/rust-2-79876/db
db fs: ext2/ext3
app: Cpus_allowed_list:	0-3
app rust rep 3
db dir: /var/lib/campfire-bench/rust-3-79876/db
db fs: ext2/ext3
app: Cpus_allowed_list:	0-3
app cpp rep 3
db dir: /var/lib/campfire-bench/cpp-3-79876/db
db fs: ext2/ext3
app: Cpus_allowed_list:	0-3
