app rust rep 1
db dir: /var/lib/campfire-bench/rust-1-4073024/db
db fs: ext2/ext3
app: Cpus_allowed_list:	0-3
app c4 rep 1
db dir: /var/lib/campfire-bench/c4-1-4073024/db
db fs: ext2/ext3
app: Cpus_allowed_list:	0-3
app c8 rep 1
db dir: /var/lib/campfire-bench/c8-1-4073024/db
db fs: ext2/ext3
app: Cpus_allowed_list:	0-3
app c8 rep 2
db dir: /var/lib/campfire-bench/c8-2-4073024/db
db fs: ext2/ext3
app: Cpus_allowed_list:	0-3
app c4 rep 2
db dir: /var/lib/campfire-bench/c4-2-4073024/db
db fs: ext2/ext3
app: Cpus_allowed_list:	0-3
app rust rep 2
db dir: /var/lib/campfire-bench/rust-2-4073024/db
db fs: ext2/ext3
app: Cpus_allowed_list:	0-3
app rust rep 3
db dir: /var/lib/campfire-bench/rust-3-4073024/db
db fs: ext2/ext3
app: Cpus_allowed_list:	0-3
app c4 rep 3
db dir: /var/lib/campfire-bench/c4-3-4073024/db
db fs: ext2/ext3
app: Cpus_allowed_list:	0-3
app c8 rep 3
db dir: /var/lib/campfire-bench/c8-3-4073024/db
db fs: ext2/ext3
app: Cpus_allowed_list:	0-3
